// Vitest Snapshot v1, https://vitest.dev/guide/snapshot.html

exports[`elegibilidadeDoJogo > não-regressão: estadoDoJogo devolve exatamente o que devolvia, para pools variados 1`] = `
{
  "pool0.bao": {
    "disponiveis": 6,
    "faltam": 0,
    "fonte": "baralho",
    "id": "bao",
    "ok": true,
    "pool": 6,
    "tamanhoDaRodada": 6,
  },
  "pool0.blitz": {
    "disponiveis": 6,
    "faltam": 0,
    "fonte": "baralho",
    "id": "blitz",
    "ok": true,
    "pool": 6,
    "tamanhoDaRodada": 6,
  },
  "pool0.cadavre": {
    "disponiveis": 4,
    "faltam": 0,
    "fonte": "baralho",
    "id": "cadavre",
    "ok": true,
    "pool": 6,
    "tamanhoDaRodada": 4,
  },
  "pool0.choseong": {
    "disponiveis": 6,
    "faltam": 0,
    "fonte": "baralho",
    "id": "choseong",
    "ok": true,
    "pool": 6,
    "tamanhoDaRodada": 6,
  },
  "pool0.conectores": {
    "disponiveis": 12,
    "faltam": 0,
    "fonte": "falas",
    "id": "conectores",
    "ok": true,
    "tamanhoDaRodada": 5,
  },
  "pool0.ditado": {
    "disponiveis": 12,
    "faltam": 0,
    "fonte": "falas",
    "id": "ditado",
    "ok": true,
    "tamanhoDaRodada": 5,
  },
  "pool0.escuta": {
    "disponiveis": 12,
    "faltam": 0,
    "fonte": "falas",
    "id": "escuta",
    "ok": true,
    "tamanhoDaRodada": 6,
  },
  "pool0.karaoke": {
    "disponiveis": 12,
    "faltam": 0,
    "fonte": "falas",
    "id": "karaoke",
    "ok": true,
    "tamanhoDaRodada": 6,
  },
  "pool0.karuta": {
    "disponiveis": 6,
    "faltam": 0,
    "fonte": "baralho",
    "id": "karuta",
    "ok": true,
    "pool": 6,
    "tamanhoDaRodada": 6,
  },
  "pool0.koffer": {
    "disponiveis": 6,
    "faltam": 0,
    "fonte": "baralho",
    "id": "koffer",
    "ok": true,
    "pool": 6,
    "tamanhoDaRodada": 6,
  },
  "pool0.memory": {
    "disponiveis": 6,
    "faltam": 0,
    "fonte": "baralho",
    "id": "memory",
    "ok": true,
    "pool": 6,
    "tamanhoDaRodada": 6,
  },
  "pool0.scramble": {
    "disponiveis": 12,
    "faltam": 0,
    "fonte": "falas",
    "id": "scramble",
    "ok": true,
    "tamanhoDaRodada": 5,
  },
  "pool0.shiritori": {
    "disponiveis": 0,
    "faltam": 4,
    "fonte": "baralho",
    "id": "shiritori",
    "ok": false,
    "pool": 6,
    "tamanhoDaRodada": 0,
  },
  "pool0.taboo": {
    "disponiveis": 6,
    "faltam": 0,
    "fonte": "baralho",
    "id": "taboo",
    "ok": true,
    "pool": 6,
    "tamanhoDaRodada": 6,
  },
  "pool0.tenis": {
    "disponiveis": 6,
    "faltam": 0,
    "fonte": "baralho",
    "id": "tenis",
    "ok": true,
    "pool": 6,
    "tamanhoDaRodada": 6,
  },
  "pool0.termo": {
    "disponiveis": 4,
    "faltam": 0,
    "fonte": "baralho",
    "id": "termo",
    "ok": true,
    "tamanhoDaRodada": 3,
  },
  "pool0.vitendawili": {
    "disponiveis": 0,
    "faltam": 4,
    "fonte": "baralho",
    "id": "vitendawili",
    "ok": false,
    "pool": 6,
    "tamanhoDaRodada": 0,
  },
  "pool0.wordsearch": {
    "disponiveis": 6,
    "faltam": 0,
    "fonte": "baralho",
    "id": "wordsearch",
    "ok": true,
    "pool": 6,
    "tamanhoDaRodada": 6,
  },
  "pool1.bao": {
    "disponiveis": 0,
    "faltam": 4,
    "fonte": "baralho",
    "id": "bao",
    "ok": false,
    "pool": 4,
    "tamanhoDaRodada": 0,
  },
  "pool1.blitz": {
    "disponiveis": 4,
    "faltam": 0,
    "fonte": "baralho",
    "id": "blitz",
    "ok": true,
    "pool": 4,
    "tamanhoDaRodada": 4,
  },
  "pool1.cadavre": {
    "disponiveis": 4,
    "faltam": 0,
    "fonte": "baralho",
    "id": "cadavre",
    "ok": true,
    "pool": 4,
    "tamanhoDaRodada": 4,
  },
  "pool1.choseong": {
    "disponiveis": 0,
    "faltam": 4,
    "fonte": "baralho",
    "id": "choseong",
    "ok": false,
    "pool": 4,
    "tamanhoDaRodada": 0,
  },
  "pool1.conectores": {
    "disponiveis": 12,
    "faltam": 0,
    "fonte": "falas",
    "id": "conectores",
    "ok": true,
    "tamanhoDaRodada": 5,
  },
  "pool1.ditado": {
    "disponiveis": 12,
    "faltam": 0,
    "fonte": "falas",
    "id": "ditado",
    "ok": true,
    "tamanhoDaRodada": 5,
  },
  "pool1.escuta": {
    "disponiveis": 12,
    "faltam": 0,
    "fonte": "falas",
    "id": "escuta",
    "ok": true,
    "tamanhoDaRodada": 6,
  },
  "pool1.karaoke": {
    "disponiveis": 12,
    "faltam": 0,
    "fonte": "falas",
    "id": "karaoke",
    "ok": true,
    "tamanhoDaRodada": 6,
  },
  "pool1.karuta": {
    "disponiveis": 4,
    "faltam": 0,
    "fonte": "baralho",
    "id": "karuta",
    "ok": true,
    "pool": 4,
    "tamanhoDaRodada": 4,
  },
  "pool1.koffer": {
    "disponiveis": 4,
    "faltam": 0,
    "fonte": "baralho",
    "id": "koffer",
    "ok": true,
    "pool": 4,
    "tamanhoDaRodada": 4,
  },
  "pool1.memory": {
    "disponiveis": 4,
    "faltam": 0,
    "fonte": "baralho",
    "id": "memory",
    "ok": true,
    "pool": 4,
    "tamanhoDaRodada": 4,
  },
  "pool1.scramble": {
    "disponiveis": 12,
    "faltam": 0,
    "fonte": "falas",
    "id": "scramble",
    "ok": true,
    "tamanhoDaRodada": 5,
  },
  "pool1.shiritori": {
    "disponiveis": 0,
    "faltam": 4,
    "fonte": "baralho",
    "id": "shiritori",
    "ok": false,
    "pool": 4,
    "tamanhoDaRodada": 0,
  },
  "pool1.taboo": {
    "disponiveis": 4,
    "faltam": 0,
    "fonte": "baralho",
    "id": "taboo",
    "ok": true,
    "pool": 4,
    "tamanhoDaRodada": 4,
  },
  "pool1.tenis": {
    "disponiveis": 4,
    "faltam": 0,
    "fonte": "baralho",
    "id": "tenis",
    "ok": true,
    "pool": 4,
    "tamanhoDaRodada": 4,
  },
  "pool1.termo": {
    "disponiveis": 0,
    "faltam": 3,
    "fonte": "baralho",
    "id": "termo",
    "ok": false,
    "tamanhoDaRodada": 0,
  },
  "pool1.vitendawili": {
    "disponiveis": 0,
    "faltam": 4,
    "fonte": "baralho",
    "id": "vitendawili",
    "ok": false,
    "pool": 4,
    "tamanhoDaRodada": 0,
  },
  "pool1.wordsearch": {
    "disponiveis": 0,
    "faltam": 4,
    "fonte": "baralho",
    "id": "wordsearch",
    "motivo": "alfabeto-nao-suportado",
    "ok": false,
    "pool": 4,
    "tamanhoDaRodada": 0,
  },
  "pool10.bao": {
    "disponiveis": 2,
    "faltam": 2,
    "fonte": "baralho",
    "id": "bao",
    "ok": false,
    "pool": 3,
    "tamanhoDaRodada": 2,
  },
  "pool10.blitz": {
    "disponiveis": 3,
    "faltam": 1,
    "fonte": "baralho",
    "id": "blitz",
    "ok": false,
    "pool": 3,
    "tamanhoDaRodada": 3,
  },
  "pool10.cadavre": {
    "disponiveis": 3,
    "faltam": 1,
    "fonte": "baralho",
    "id": "cadavre",
    "ok": false,
    "pool": 3,
    "tamanhoDaRodada": 3,
  },
  "pool10.choseong": {
    "disponiveis": 2,
    "faltam": 2,
    "fonte": "baralho",
    "id": "choseong",
    "ok": false,
    "pool": 3,
    "tamanhoDaRodada": 2,
  },
  "pool10.conectores": {
    "disponiveis": 12,
    "faltam": 0,
    "fonte": "falas",
    "id": "conectores",
    "ok": true,
    "tamanhoDaRodada": 5,
  },
  "pool10.ditado": {
    "disponiveis": 12,
    "faltam": 0,
    "fonte": "falas",
    "id": "ditado",
    "ok": true,
    "tamanhoDaRodada": 5,
  },
  "pool10.escuta": {
    "disponiveis": 12,
    "faltam": 0,
    "fonte": "falas",
    "id": "escuta",
    "ok": true,
    "tamanhoDaRodada": 6,
  },
  "pool10.karaoke": {
    "disponiveis": 12,
    "faltam": 0,
    "fonte": "falas",
    "id": "karaoke",
    "ok": true,
    "tamanhoDaRodada": 6,
  },
  "pool10.karuta": {
    "disponiveis": 3,
    "faltam": 1,
    "fonte": "baralho",
    "id": "karuta",
    "ok": false,
    "pool": 3,
    "tamanhoDaRodada": 3,
  },
  "pool10.koffer": {
    "disponiveis": 3,
    "faltam": 1,
    "fonte": "baralho",
    "id": "koffer",
    "ok": false,
    "pool": 3,
    "tamanhoDaRodada": 3,
  },
  "pool10.memory": {
    "disponiveis": 3,
    "faltam": 1,
    "fonte": "baralho",
    "id": "memory",
    "ok": false,
    "pool": 3,
    "tamanhoDaRodada": 3,
  },
  "pool10.scramble": {
    "disponiveis": 12,
    "faltam": 0,
    "fonte": "falas",
    "id": "scramble",
    "ok": true,
    "tamanhoDaRodada": 5,
  },
  "pool10.shiritori": {
    "disponiveis": 0,
    "faltam": 4,
    "fonte": "baralho",
    "id": "shiritori",
    "ok": false,
    "pool": 3,
    "tamanhoDaRodada": 0,
  },
  "pool10.taboo": {
    "disponiveis": 3,
    "faltam": 1,
    "fonte": "baralho",
    "id": "taboo",
    "ok": false,
    "pool": 3,
    "tamanhoDaRodada": 3,
  },
  "pool10.tenis": {
    "disponiveis": 3,
    "faltam": 1,
    "fonte": "baralho",
    "id": "tenis",
    "ok": false,
    "pool": 3,
    "tamanhoDaRodada": 3,
  },
  "pool10.termo": {
    "disponiveis": 2,
    "faltam": 1,
    "fonte": "baralho",
    "id": "termo",
    "ok": false,
    "tamanhoDaRodada": 1,
  },
  "pool10.vitendawili": {
    "disponiveis": 0,
    "faltam": 4,
    "fonte": "baralho",
    "id": "vitendawili",
    "ok": false,
    "pool": 3,
    "tamanhoDaRodada": 0,
  },
  "pool10.wordsearch": {
    "disponiveis": 2,
    "faltam": 2,
    "fonte": "baralho",
    "id": "wordsearch",
    "ok": false,
    "pool": 3,
    "tamanhoDaRodada": 2,
  },
  "pool11.bao": {
    "disponiveis": 0,
    "faltam": 4,
    "fonte": "baralho",
    "id": "bao",
    "ok": false,
    "pool": 0,
    "tamanhoDaRodada": 0,
  },
  "pool11.blitz": {
    "disponiveis": 0,
    "faltam": 4,
    "fonte": "baralho",
    "id": "blitz",
    "ok": false,
    "pool": 0,
    "tamanhoDaRodada": 0,
  },
  "pool11.cadavre": {
    "disponiveis": 0,
    "faltam": 4,
    "fonte": "baralho",
    "id": "cadavre",
    "ok": false,
    "pool": 0,
    "tamanhoDaRodada": 0,
  },
  "pool11.choseong": {
    "disponiveis": 0,
    "faltam": 4,
    "fonte": "baralho",
    "id": "choseong",
    "ok": false,
    "pool": 0,
    "tamanhoDaRodada": 0,
  },
  "pool11.conectores": {
    "disponiveis": 12,
    "faltam": 0,
    "fonte": "falas",
    "id": "conectores",
    "ok": true,
    "tamanhoDaRodada": 5,
  },
  "pool11.ditado": {
    "disponiveis": 12,
    "faltam": 0,
    "fonte": "falas",
    "id": "ditado",
    "ok": true,
    "tamanhoDaRodada": 5,
  },
  "pool11.escuta": {
    "disponiveis": 12,
    "faltam": 0,
    "fonte": "falas",
    "id": "escuta",
    "ok": true,
    "tamanhoDaRodada": 6,
  },
  "pool11.karaoke": {
    "disponiveis": 12,
    "faltam": 0,
    "fonte": "falas",
    "id": "karaoke",
    "ok": true,
    "tamanhoDaRodada": 6,
  },
  "pool11.karuta": {
    "disponiveis": 0,
    "faltam": 4,
    "fonte": "baralho",
    "id": "karuta",
    "ok": false,
    "pool": 0,
    "tamanhoDaRodada": 0,
  },
  "pool11.koffer": {
    "disponiveis": 0,
    "faltam": 4,
    "fonte": "baralho",
    "id": "koffer",
    "ok": false,
    "pool": 0,
    "tamanhoDaRodada": 0,
  },
  "pool11.memory": {
    "disponiveis": 0,
    "faltam": 4,
    "fonte": "baralho",
    "id": "memory",
    "ok": false,
    "pool": 0,
    "tamanhoDaRodada": 0,
  },
  "pool11.scramble": {
    "disponiveis": 12,
    "faltam": 0,
    "fonte": "falas",
    "id": "scramble",
    "ok": true,
    "tamanhoDaRodada": 5,
  },
  "pool11.shiritori": {
    "disponiveis": 0,
    "faltam": 4,
    "fonte": "baralho",
    "id": "shiritori",
    "ok": false,
    "pool": 0,
    "tamanhoDaRodada": 0,
  },
  "pool11.taboo": {
    "disponiveis": 0,
    "faltam": 4,
    "fonte": "baralho",
    "id": "taboo",
    "ok": false,
    "pool": 0,
    "tamanhoDaRodada": 0,
  },
  "pool11.tenis": {
    "disponiveis": 0,
    "faltam": 4,
    "fonte": "baralho",
    "id": "tenis",
    "ok": false,
    "pool": 0,
    "tamanhoDaRodada": 0,
  },
  "pool11.termo": {
    "disponiveis": 0,
    "faltam": 3,
    "fonte": "baralho",
    "id": "termo",
    "ok": false,
    "tamanhoDaRodada": 0,
  },
  "pool11.vitendawili": {
    "disponiveis": 0,
    "faltam": 4,
    "fonte": "baralho",
    "id": "vitendawili",
    "ok": false,
    "pool": 0,
    "tamanhoDaRodada": 0,
  },
  "pool11.wordsearch": {
    "disponiveis": 0,
    "faltam": 4,
    "fonte": "baralho",
    "id": "wordsearch",
    "ok": false,
    "pool": 0,
    "tamanhoDaRodada": 0,
  },
  "pool2.bao": {
    "disponiveis": 6,
    "faltam": 0,
    "fonte": "baralho",
    "id": "bao",
    "ok": true,
    "pool": 10,
    "tamanhoDaRodada": 6,
  },
  "pool2.blitz": {
    "disponiveis": 10,
    "faltam": 0,
    "fonte": "baralho",
    "id": "blitz",
    "ok": true,
    "pool": 10,
    "tamanhoDaRodada": 10,
  },
  "pool2.cadavre": {
    "disponiveis": 4,
    "faltam": 0,
    "fonte": "baralho",
    "id": "cadavre",
    "ok": true,
    "pool": 10,
    "tamanhoDaRodada": 4,
  },
  "pool2.choseong": {
    "disponiveis": 6,
    "faltam": 0,
    "fonte": "baralho",
    "id": "choseong",
    "ok": true,
    "pool": 10,
    "tamanhoDaRodada": 6,
  },
  "pool2.conectores": {
    "disponiveis": 12,
    "faltam": 0,
    "fonte": "falas",
    "id": "conectores",
    "ok": true,
    "tamanhoDaRodada": 5,
  },
  "pool2.ditado": {
    "disponiveis": 12,
    "faltam": 0,
    "fonte": "falas",
    "id": "ditado",
    "ok": true,
    "tamanhoDaRodada": 5,
  },
  "pool2.escuta": {
    "disponiveis": 12,
    "faltam": 0,
    "fonte": "falas",
    "id": "escuta",
    "ok": true,
    "tamanhoDaRodada": 6,
  },
  "pool2.karaoke": {
    "disponiveis": 12,
    "faltam": 0,
    "fonte": "falas",
    "id": "karaoke",
    "ok": true,
    "tamanhoDaRodada": 6,
  },
  "pool2.karuta": {
    "disponiveis": 8,
    "faltam": 0,
    "fonte": "baralho",
    "id": "karuta",
    "ok": true,
    "pool": 10,
    "tamanhoDaRodada": 8,
  },
  "pool2.koffer": {
    "disponiveis": 8,
    "faltam": 0,
    "fonte": "baralho",
    "id": "koffer",
    "ok": true,
    "pool": 10,
    "tamanhoDaRodada": 8,
  },
  "pool2.memory": {
    "disponiveis": 8,
    "faltam": 0,
    "fonte": "baralho",
    "id": "memory",
    "ok": true,
    "pool": 10,
    "tamanhoDaRodada": 8,
  },
  "pool2.scramble": {
    "disponiveis": 12,
    "faltam": 0,
    "fonte": "falas",
    "id": "scramble",
    "ok": true,
    "tamanhoDaRodada": 5,
  },
  "pool2.shiritori": {
    "disponiveis": 0,
    "faltam": 4,
    "fonte": "baralho",
    "id": "shiritori",
    "ok": false,
    "pool": 10,
    "tamanhoDaRodada": 0,
  },
  "pool2.taboo": {
    "disponiveis": 8,
    "faltam": 0,
    "fonte": "baralho",
    "id": "taboo",
    "ok": true,
    "pool": 10,
    "tamanhoDaRodada": 8,
  },
  "pool2.tenis": {
    "disponiveis": 10,
    "faltam": 0,
    "fonte": "baralho",
    "id": "tenis",
    "ok": true,
    "pool": 10,
    "tamanhoDaRodada": 10,
  },
  "pool2.termo": {
    "disponiveis": 4,
    "faltam": 0,
    "fonte": "baralho",
    "id": "termo",
    "ok": true,
    "tamanhoDaRodada": 3,
  },
  "pool2.vitendawili": {
    "disponiveis": 0,
    "faltam": 4,
    "fonte": "baralho",
    "id": "vitendawili",
    "ok": false,
    "pool": 10,
    "tamanhoDaRodada": 0,
  },
  "pool2.wordsearch": {
    "disponiveis": 6,
    "faltam": 0,
    "fonte": "baralho",
    "id": "wordsearch",
    "ok": true,
    "pool": 10,
    "tamanhoDaRodada": 6,
  },
  "pool3.bao": {
    "disponiveis": 1,
    "faltam": 3,
    "fonte": "baralho",
    "id": "bao",
    "ok": false,
    "pool": 1,
    "tamanhoDaRodada": 1,
  },
  "pool3.blitz": {
    "disponiveis": 1,
    "faltam": 3,
    "fonte": "baralho",
    "id": "blitz",
    "ok": false,
    "pool": 1,
    "tamanhoDaRodada": 1,
  },
  "pool3.cadavre": {
    "disponiveis": 1,
    "faltam": 3,
    "fonte": "baralho",
    "id": "cadavre",
    "ok": false,
    "pool": 1,
    "tamanhoDaRodada": 1,
  },
  "pool3.choseong": {
    "disponiveis": 1,
    "faltam": 3,
    "fonte": "baralho",
    "id": "choseong",
    "ok": false,
    "pool": 1,
    "tamanhoDaRodada": 1,
  },
  "pool3.conectores": {
    "disponiveis": 12,
    "faltam": 0,
    "fonte": "falas",
    "id": "conectores",
    "ok": true,
    "tamanhoDaRodada": 5,
  },
  "pool3.ditado": {
    "disponiveis": 12,
    "faltam": 0,
    "fonte": "falas",
    "id": "ditado",
    "ok": true,
    "tamanhoDaRodada": 5,
  },
  "pool3.escuta": {
    "disponiveis": 12,
    "faltam": 0,
    "fonte": "falas",
    "id": "escuta",
    "ok": true,
    "tamanhoDaRodada": 6,
  },
  "pool3.karaoke": {
    "disponiveis": 12,
    "faltam": 0,
    "fonte": "falas",
    "id": "karaoke",
    "ok": true,
    "tamanhoDaRodada": 6,
  },
  "pool3.karuta": {
    "disponiveis": 1,
    "faltam": 3,
    "fonte": "baralho",
    "id": "karuta",
    "ok": false,
    "pool": 1,
    "tamanhoDaRodada": 1,
  },
  "pool3.koffer": {
    "disponiveis": 1,
    "faltam": 3,
    "fonte": "baralho",
    "id": "koffer",
    "ok": false,
    "pool": 1,
    "tamanhoDaRodada": 1,
  },
  "pool3.memory": {
    "disponiveis": 1,
    "faltam": 3,
    "fonte": "baralho",
    "id": "memory",
    "ok": false,
    "pool": 1,
    "tamanhoDaRodada": 1,
  },
  "pool3.scramble": {
    "disponiveis": 12,
    "faltam": 0,
    "fonte": "falas",
    "id": "scramble",
    "ok": true,
    "tamanhoDaRodada": 5,
  },
  "pool3.shiritori": {
    "disponiveis": 0,
    "faltam": 4,
    "fonte": "baralho",
    "id": "shiritori",
    "ok": false,
    "pool": 1,
    "tamanhoDaRodada": 0,
  },
  "pool3.taboo": {
    "disponiveis": 1,
    "faltam": 3,
    "fonte": "baralho",
    "id": "taboo",
    "ok": false,
    "pool": 1,
    "tamanhoDaRodada": 1,
  },
  "pool3.tenis": {
    "disponiveis": 1,
    "faltam": 3,
    "fonte": "baralho",
    "id": "tenis",
    "ok": false,
    "pool": 1,
    "tamanhoDaRodada": 1,
  },
  "pool3.termo": {
    "disponiveis": 1,
    "faltam": 2,
    "fonte": "baralho",
    "id": "termo",
    "ok": false,
    "tamanhoDaRodada": 1,
  },
  "pool3.vitendawili": {
    "disponiveis": 0,
    "faltam": 4,
    "fonte": "baralho",
    "id": "vitendawili",
    "ok": false,
    "pool": 1,
    "tamanhoDaRodada": 0,
  },
  "pool3.wordsearch": {
    "disponiveis": 1,
    "faltam": 3,
    "fonte": "baralho",
    "id": "wordsearch",
    "ok": false,
    "pool": 1,
    "tamanhoDaRodada": 1,
  },
  "pool4.bao": {
    "disponiveis": 3,
    "faltam": 1,
    "fonte": "baralho",
    "id": "bao",
    "ok": false,
    "pool": 3,
    "tamanhoDaRodada": 3,
  },
  "pool4.blitz": {
    "disponiveis": 3,
    "faltam": 1,
    "fonte": "baralho",
    "id": "blitz",
    "ok": false,
    "pool": 3,
    "tamanhoDaRodada": 3,
  },
  "pool4.cadavre": {
    "disponiveis": 3,
    "faltam": 1,
    "fonte": "baralho",
    "id": "cadavre",
    "ok": false,
    "pool": 3,
    "tamanhoDaRodada": 3,
  },
  "pool4.choseong": {
    "disponiveis": 3,
    "faltam": 1,
    "fonte": "baralho",
    "id": "choseong",
    "ok": false,
    "pool": 3,
    "tamanhoDaRodada": 3,
  },
  "pool4.conectores": {
    "disponiveis": 12,
    "faltam": 0,
    "fonte": "falas",
    "id": "conectores",
    "ok": true,
    "tamanhoDaRodada": 5,
  },
  "pool4.ditado": {
    "disponiveis": 12,
    "faltam": 0,
    "fonte": "falas",
    "id": "ditado",
    "ok": true,
    "tamanhoDaRodada": 5,
  },
  "pool4.escuta": {
    "disponiveis": 12,
    "faltam": 0,
    "fonte": "falas",
    "id": "escuta",
    "ok": true,
    "tamanhoDaRodada": 6,
  },
  "pool4.karaoke": {
    "disponiveis": 12,
    "faltam": 0,
    "fonte": "falas",
    "id": "karaoke",
    "ok": true,
    "tamanhoDaRodada": 6,
  },
  "pool4.karuta": {
    "disponiveis": 3,
    "faltam": 1,
    "fonte": "baralho",
    "id": "karuta",
    "ok": false,
    "pool": 3,
    "tamanhoDaRodada": 3,
  },
  "pool4.koffer": {
    "disponiveis": 3,
    "faltam": 1,
    "fonte": "baralho",
    "id": "koffer",
    "ok": false,
    "pool": 3,
    "tamanhoDaRodada": 3,
  },
  "pool4.memory": {
    "disponiveis": 3,
    "faltam": 1,
    "fonte": "baralho",
    "id": "memory",
    "ok": false,
    "pool": 3,
    "tamanhoDaRodada": 3,
  },
  "pool4.scramble": {
    "disponiveis": 12,
    "faltam": 0,
    "fonte": "falas",
    "id": "scramble",
    "ok": true,
    "tamanhoDaRodada": 5,
  },
  "pool4.shiritori": {
    "disponiveis": 0,
    "faltam": 4,
    "fonte": "baralho",
    "id": "shiritori",
    "ok": false,
    "pool": 3,
    "tamanhoDaRodada": 0,
  },
  "pool4.taboo": {
    "disponiveis": 3,
    "faltam": 1,
    "fonte": "baralho",
    "id": "taboo",
    "ok": false,
    "pool": 3,
    "tamanhoDaRodada": 3,
  },
  "pool4.tenis": {
    "disponiveis": 3,
    "faltam": 1,
    "fonte": "baralho",
    "id": "tenis",
    "ok": false,
    "pool": 3,
    "tamanhoDaRodada": 3,
  },
  "pool4.termo": {
    "disponiveis": 2,
    "faltam": 1,
    "fonte": "baralho",
    "id": "termo",
    "ok": false,
    "tamanhoDaRodada": 1,
  },
  "pool4.vitendawili": {
    "disponiveis": 0,
    "faltam": 4,
    "fonte": "baralho",
    "id": "vitendawili",
    "ok": false,
    "pool": 3,
    "tamanhoDaRodada": 0,
  },
  "pool4.wordsearch": {
    "disponiveis": 3,
    "faltam": 1,
    "fonte": "baralho",
    "id": "wordsearch",
    "ok": false,
    "pool": 3,
    "tamanhoDaRodada": 3,
  },
  "pool5.bao": {
    "disponiveis": 0,
    "faltam": 4,
    "fonte": "baralho",
    "id": "bao",
    "ok": false,
    "pool": 0,
    "tamanhoDaRodada": 0,
  },
  "pool5.blitz": {
    "disponiveis": 0,
    "faltam": 4,
    "fonte": "baralho",
    "id": "blitz",
    "ok": false,
    "pool": 0,
    "tamanhoDaRodada": 0,
  },
  "pool5.cadavre": {
    "disponiveis": 0,
    "faltam": 4,
    "fonte": "baralho",
    "id": "cadavre",
    "ok": false,
    "pool": 0,
    "tamanhoDaRodada": 0,
  },
  "pool5.choseong": {
    "disponiveis": 0,
    "faltam": 4,
    "fonte": "baralho",
    "id": "choseong",
    "ok": false,
    "pool": 0,
    "tamanhoDaRodada": 0,
  },
  "pool5.conectores": {
    "disponiveis": 12,
    "faltam": 0,
    "fonte": "falas",
    "id": "conectores",
    "ok": true,
    "tamanhoDaRodada": 5,
  },
  "pool5.ditado": {
    "disponiveis": 12,
    "faltam": 0,
    "fonte": "falas",
    "id": "ditado",
    "ok": true,
    "tamanhoDaRodada": 5,
  },
  "pool5.escuta": {
    "disponiveis": 12,
    "faltam": 0,
    "fonte": "falas",
    "id": "escuta",
    "ok": true,
    "tamanhoDaRodada": 6,
  },
  "pool5.karaoke": {
    "disponiveis": 12,
    "faltam": 0,
    "fonte": "falas",
    "id": "karaoke",
    "ok": true,
    "tamanhoDaRodada": 6,
  },
  "pool5.karuta": {
    "disponiveis": 0,
    "faltam": 4,
    "fonte": "baralho",
    "id": "karuta",
    "ok": false,
    "pool": 0,
    "tamanhoDaRodada": 0,
  },
  "pool5.koffer": {
    "disponiveis": 0,
    "faltam": 4,
    "fonte": "baralho",
    "id": "koffer",
    "ok": false,
    "pool": 0,
    "tamanhoDaRodada": 0,
  },
  "pool5.memory": {
    "disponiveis": 0,
    "faltam": 4,
    "fonte": "baralho",
    "id": "memory",
    "ok": false,
    "pool": 0,
    "tamanhoDaRodada": 0,
  },
  "pool5.scramble": {
    "disponiveis": 12,
    "faltam": 0,
    "fonte": "falas",
    "id": "scramble",
    "ok": true,
    "tamanhoDaRodada": 5,
  },
  "pool5.shiritori": {
    "disponiveis": 0,
    "faltam": 4,
    "fonte": "baralho",
    "id": "shiritori",
    "ok": false,
    "pool": 0,
    "tamanhoDaRodada": 0,
  },
  "pool5.taboo": {
    "disponiveis": 0,
    "faltam": 4,
    "fonte": "baralho",
    "id": "taboo",
    "ok": false,
    "pool": 0,
    "tamanhoDaRodada": 0,
  },
  "pool5.tenis": {
    "disponiveis": 0,
    "faltam": 4,
    "fonte": "baralho",
    "id": "tenis",
    "ok": false,
    "pool": 0,
    "tamanhoDaRodada": 0,
  },
  "pool5.termo": {
    "disponiveis": 0,
    "faltam": 3,
    "fonte": "baralho",
    "id": "termo",
    "ok": false,
    "tamanhoDaRodada": 0,
  },
  "pool5.vitendawili": {
    "disponiveis": 0,
    "faltam": 4,
    "fonte": "baralho",
    "id": "vitendawili",
    "ok": false,
    "pool": 0,
    "tamanhoDaRodada": 0,
  },
  "pool5.wordsearch": {
    "disponiveis": 0,
    "faltam": 4,
    "fonte": "baralho",
    "id": "wordsearch",
    "ok": false,
    "pool": 0,
    "tamanhoDaRodada": 0,
  },
  "pool6.bao": {
    "disponiveis": 6,
    "faltam": 0,
    "fonte": "baralho",
    "id": "bao",
    "ok": true,
    "pool": 6,
    "tamanhoDaRodada": 6,
  },
  "pool6.blitz": {
    "disponiveis": 6,
    "faltam": 0,
    "fonte": "baralho",
    "id": "blitz",
    "ok": true,
    "pool": 6,
    "tamanhoDaRodada": 6,
  },
  "pool6.cadavre": {
    "disponiveis": 4,
    "faltam": 0,
    "fonte": "baralho",
    "id": "cadavre",
    "ok": true,
    "pool": 6,
    "tamanhoDaRodada": 4,
  },
  "pool6.choseong": {
    "disponiveis": 6,
    "faltam": 0,
    "fonte": "baralho",
    "id": "choseong",
    "ok": true,
    "pool": 6,
    "tamanhoDaRodada": 6,
  },
  "pool6.conectores": {
    "disponiveis": 12,
    "faltam": 0,
    "fonte": "falas",
    "id": "conectores",
    "ok": true,
    "tamanhoDaRodada": 5,
  },
  "pool6.ditado": {
    "disponiveis": 12,
    "faltam": 0,
    "fonte": "falas",
    "id": "ditado",
    "ok": true,
    "tamanhoDaRodada": 5,
  },
  "pool6.escuta": {
    "disponiveis": 12,
    "faltam": 0,
    "fonte": "falas",
    "id": "escuta",
    "ok": true,
    "tamanhoDaRodada": 6,
  },
  "pool6.karaoke": {
    "disponiveis": 12,
    "faltam": 0,
    "fonte": "falas",
    "id": "karaoke",
    "ok": true,
    "tamanhoDaRodada": 6,
  },
  "pool6.karuta": {
    "disponiveis": 6,
    "faltam": 0,
    "fonte": "baralho",
    "id": "karuta",
    "ok": true,
    "pool": 6,
    "tamanhoDaRodada": 6,
  },
  "pool6.koffer": {
    "disponiveis": 6,
    "faltam": 0,
    "fonte": "baralho",
    "id": "koffer",
    "ok": true,
    "pool": 6,
    "tamanhoDaRodada": 6,
  },
  "pool6.memory": {
    "disponiveis": 6,
    "faltam": 0,
    "fonte": "baralho",
    "id": "memory",
    "ok": true,
    "pool": 6,
    "tamanhoDaRodada": 6,
  },
  "pool6.scramble": {
    "disponiveis": 12,
    "faltam": 0,
    "fonte": "falas",
    "id": "scramble",
    "ok": true,
    "tamanhoDaRodada": 5,
  },
  "pool6.shiritori": {
    "disponiveis": 0,
    "faltam": 4,
    "fonte": "baralho",
    "id": "shiritori",
    "ok": false,
    "pool": 6,
    "tamanhoDaRodada": 0,
  },
  "pool6.taboo": {
    "disponiveis": 6,
    "faltam": 0,
    "fonte": "baralho",
    "id": "taboo",
    "ok": true,
    "pool": 6,
    "tamanhoDaRodada": 6,
  },
  "pool6.tenis": {
    "disponiveis": 6,
    "faltam": 0,
    "fonte": "baralho",
    "id": "tenis",
    "ok": true,
    "pool": 6,
    "tamanhoDaRodada": 6,
  },
  "pool6.termo": {
    "disponiveis": 8,
    "faltam": 0,
    "fonte": "baralho",
    "id": "termo",
    "ok": true,
    "tamanhoDaRodada": 5,
  },
  "pool6.vitendawili": {
    "disponiveis": 0,
    "faltam": 4,
    "fonte": "baralho",
    "id": "vitendawili",
    "ok": false,
    "pool": 6,
    "tamanhoDaRodada": 0,
  },
  "pool6.wordsearch": {
    "disponiveis": 6,
    "faltam": 0,
    "fonte": "baralho",
    "id": "wordsearch",
    "ok": true,
    "pool": 6,
    "tamanhoDaRodada": 6,
  },
  "pool7.bao": {
    "disponiveis": 0,
    "faltam": 4,
    "fonte": "baralho",
    "id": "bao",
    "ok": false,
    "pool": 1,
    "tamanhoDaRodada": 0,
  },
  "pool7.blitz": {
    "disponiveis": 1,
    "faltam": 3,
    "fonte": "baralho",
    "id": "blitz",
    "ok": false,
    "pool": 1,
    "tamanhoDaRodada": 1,
  },
  "pool7.cadavre": {
    "disponiveis": 1,
    "faltam": 3,
    "fonte": "baralho",
    "id": "cadavre",
    "ok": false,
    "pool": 1,
    "tamanhoDaRodada": 1,
  },
  "pool7.choseong": {
    "disponiveis": 0,
    "faltam": 4,
    "fonte": "baralho",
    "id": "choseong",
    "ok": false,
    "pool": 1,
    "tamanhoDaRodada": 0,
  },
  "pool7.conectores": {
    "disponiveis": 12,
    "faltam": 0,
    "fonte": "falas",
    "id": "conectores",
    "ok": true,
    "tamanhoDaRodada": 5,
  },
  "pool7.ditado": {
    "disponiveis": 12,
    "faltam": 0,
    "fonte": "falas",
    "id": "ditado",
    "ok": true,
    "tamanhoDaRodada": 5,
  },
  "pool7.escuta": {
    "disponiveis": 12,
    "faltam": 0,
    "fonte": "falas",
    "id": "escuta",
    "ok": true,
    "tamanhoDaRodada": 6,
  },
  "pool7.karaoke": {
    "disponiveis": 12,
    "faltam": 0,
    "fonte": "falas",
    "id": "karaoke",
    "ok": true,
    "tamanhoDaRodada": 6,
  },
  "pool7.karuta": {
    "disponiveis": 1,
    "faltam": 3,
    "fonte": "baralho",
    "id": "karuta",
    "ok": false,
    "pool": 1,
    "tamanhoDaRodada": 1,
  },
  "pool7.koffer": {
    "disponiveis": 1,
    "faltam": 3,
    "fonte": "baralho",
    "id": "koffer",
    "ok": false,
    "pool": 1,
    "tamanhoDaRodada": 1,
  },
  "pool7.memory": {
    "disponiveis": 1,
    "faltam": 3,
    "fonte": "baralho",
    "id": "memory",
    "ok": false,
    "pool": 1,
    "tamanhoDaRodada": 1,
  },
  "pool7.scramble": {
    "disponiveis": 12,
    "faltam": 0,
    "fonte": "falas",
    "id": "scramble",
    "ok": true,
    "tamanhoDaRodada": 5,
  },
  "pool7.shiritori": {
    "disponiveis": 0,
    "faltam": 4,
    "fonte": "baralho",
    "id": "shiritori",
    "ok": false,
    "pool": 1,
    "tamanhoDaRodada": 0,
  },
  "pool7.taboo": {
    "disponiveis": 1,
    "faltam": 3,
    "fonte": "baralho",
    "id": "taboo",
    "ok": false,
    "pool": 1,
    "tamanhoDaRodada": 1,
  },
  "pool7.tenis": {
    "disponiveis": 1,
    "faltam": 3,
    "fonte": "baralho",
    "id": "tenis",
    "ok": false,
    "pool": 1,
    "tamanhoDaRodada": 1,
  },
  "pool7.termo": {
    "disponiveis": 0,
    "faltam": 3,
    "fonte": "baralho",
    "id": "termo",
    "ok": false,
    "tamanhoDaRodada": 0,
  },
  "pool7.vitendawili": {
    "disponiveis": 0,
    "faltam": 4,
    "fonte": "baralho",
    "id": "vitendawili",
    "ok": false,
    "pool": 1,
    "tamanhoDaRodada": 0,
  },
  "pool7.wordsearch": {
    "disponiveis": 0,
    "faltam": 4,
    "fonte": "baralho",
    "id": "wordsearch",
    "ok": false,
    "pool": 1,
    "tamanhoDaRodada": 0,
  },
  "pool8.bao": {
    "disponiveis": 0,
    "faltam": 4,
    "fonte": "baralho",
    "id": "bao",
    "ok": false,
    "pool": 4,
    "tamanhoDaRodada": 0,
  },
  "pool8.blitz": {
    "disponiveis": 4,
    "faltam": 0,
    "fonte": "baralho",
    "id": "blitz",
    "ok": true,
    "pool": 4,
    "tamanhoDaRodada": 4,
  },
  "pool8.cadavre": {
    "disponiveis": 4,
    "faltam": 0,
    "fonte": "baralho",
    "id": "cadavre",
    "ok": true,
    "pool": 4,
    "tamanhoDaRodada": 4,
  },
  "pool8.choseong": {
    "disponiveis": 0,
    "faltam": 4,
    "fonte": "baralho",
    "id": "choseong",
    "ok": false,
    "pool": 4,
    "tamanhoDaRodada": 0,
  },
  "pool8.conectores": {
    "disponiveis": 12,
    "faltam": 0,
    "fonte": "falas",
    "id": "conectores",
    "ok": true,
    "tamanhoDaRodada": 5,
  },
  "pool8.ditado": {
    "disponiveis": 12,
    "faltam": 0,
    "fonte": "falas",
    "id": "ditado",
    "ok": true,
    "tamanhoDaRodada": 5,
  },
  "pool8.escuta": {
    "disponiveis": 12,
    "faltam": 0,
    "fonte": "falas",
    "id": "escuta",
    "ok": true,
    "tamanhoDaRodada": 6,
  },
  "pool8.karaoke": {
    "disponiveis": 12,
    "faltam": 0,
    "fonte": "falas",
    "id": "karaoke",
    "ok": true,
    "tamanhoDaRodada": 6,
  },
  "pool8.karuta": {
    "disponiveis": 4,
    "faltam": 0,
    "fonte": "baralho",
    "id": "karuta",
    "ok": true,
    "pool": 4,
    "tamanhoDaRodada": 4,
  },
  "pool8.koffer": {
    "disponiveis": 4,
    "faltam": 0,
    "fonte": "baralho",
    "id": "koffer",
    "ok": true,
    "pool": 4,
    "tamanhoDaRodada": 4,
  },
  "pool8.memory": {
    "disponiveis": 4,
    "faltam": 0,
    "fonte": "baralho",
    "id": "memory",
    "ok": true,
    "pool": 4,
    "tamanhoDaRodada": 4,
  },
  "pool8.scramble": {
    "disponiveis": 12,
    "faltam": 0,
    "fonte": "falas",
    "id": "scramble",
    "ok": true,
    "tamanhoDaRodada": 5,
  },
  "pool8.shiritori": {
    "disponiveis": 0,
    "faltam": 4,
    "fonte": "baralho",
    "id": "shiritori",
    "ok": false,
    "pool": 4,
    "tamanhoDaRodada": 0,
  },
  "pool8.taboo": {
    "disponiveis": 4,
    "faltam": 0,
    "fonte": "baralho",
    "id": "taboo",
    "ok": true,
    "pool": 4,
    "tamanhoDaRodada": 4,
  },
  "pool8.tenis": {
    "disponiveis": 4,
    "faltam": 0,
    "fonte": "baralho",
    "id": "tenis",
    "ok": true,
    "pool": 4,
    "tamanhoDaRodada": 4,
  },
  "pool8.termo": {
    "disponiveis": 0,
    "faltam": 3,
    "fonte": "baralho",
    "id": "termo",
    "ok": false,
    "tamanhoDaRodada": 0,
  },
  "pool8.vitendawili": {
    "disponiveis": 0,
    "faltam": 4,
    "fonte": "baralho",
    "id": "vitendawili",
    "ok": false,
    "pool": 4,
    "tamanhoDaRodada": 0,
  },
  "pool8.wordsearch": {
    "disponiveis": 0,
    "faltam": 4,
    "fonte": "baralho",
    "id": "wordsearch",
    "motivo": "alfabeto-nao-suportado",
    "ok": false,
    "pool": 4,
    "tamanhoDaRodada": 0,
  },
  "pool9.bao": {
    "disponiveis": 0,
    "faltam": 4,
    "fonte": "baralho",
    "id": "bao",
    "ok": false,
    "pool": 0,
    "tamanhoDaRodada": 0,
  },
  "pool9.blitz": {
    "disponiveis": 0,
    "faltam": 4,
    "fonte": "baralho",
    "id": "blitz",
    "ok": false,
    "pool": 0,
    "tamanhoDaRodada": 0,
  },
  "pool9.cadavre": {
    "disponiveis": 0,
    "faltam": 4,
    "fonte": "baralho",
    "id": "cadavre",
    "ok": false,
    "pool": 0,
    "tamanhoDaRodada": 0,
  },
  "pool9.choseong": {
    "disponiveis": 0,
    "faltam": 4,
    "fonte": "baralho",
    "id": "choseong",
    "ok": false,
    "pool": 0,
    "tamanhoDaRodada": 0,
  },
  "pool9.conectores": {
    "disponiveis": 12,
    "faltam": 0,
    "fonte": "falas",
    "id": "conectores",
    "ok": true,
    "tamanhoDaRodada": 5,
  },
  "pool9.ditado": {
    "disponiveis": 12,
    "faltam": 0,
    "fonte": "falas",
    "id": "ditado",
    "ok": true,
    "tamanhoDaRodada": 5,
  },
  "pool9.escuta": {
    "disponiveis": 12,
    "faltam": 0,
    "fonte": "falas",
    "id": "escuta",
    "ok": true,
    "tamanhoDaRodada": 6,
  },
  "pool9.karaoke": {
    "disponiveis": 12,
    "faltam": 0,
    "fonte": "falas",
    "id": "karaoke",
    "ok": true,
    "tamanhoDaRodada": 6,
  },
  "pool9.karuta": {
    "disponiveis": 0,
    "faltam": 4,
    "fonte": "baralho",
    "id": "karuta",
    "ok": false,
    "pool": 0,
    "tamanhoDaRodada": 0,
  },
  "pool9.koffer": {
    "disponiveis": 0,
    "faltam": 4,
    "fonte": "baralho",
    "id": "koffer",
    "ok": false,
    "pool": 0,
    "tamanhoDaRodada": 0,
  },
  "pool9.memory": {
    "disponiveis": 0,
    "faltam": 4,
    "fonte": "baralho",
    "id": "memory",
    "ok": false,
    "pool": 0,
    "tamanhoDaRodada": 0,
  },
  "pool9.scramble": {
    "disponiveis": 12,
    "faltam": 0,
    "fonte": "falas",
    "id": "scramble",
    "ok": true,
    "tamanhoDaRodada": 5,
  },
  "pool9.shiritori": {
    "disponiveis": 0,
    "faltam": 4,
    "fonte": "baralho",
    "id": "shiritori",
    "ok": false,
    "pool": 0,
    "tamanhoDaRodada": 0,
  },
  "pool9.taboo": {
    "disponiveis": 0,
    "faltam": 4,
    "fonte": "baralho",
    "id": "taboo",
    "ok": false,
    "pool": 0,
    "tamanhoDaRodada": 0,
  },
  "pool9.tenis": {
    "disponiveis": 0,
    "faltam": 4,
    "fonte": "baralho",
    "id": "tenis",
    "ok": false,
    "pool": 0,
    "tamanhoDaRodada": 0,
  },
  "pool9.termo": {
    "disponiveis": 0,
    "faltam": 3,
    "fonte": "baralho",
    "id": "termo",
    "ok": false,
    "tamanhoDaRodada": 0,
  },
  "pool9.vitendawili": {
    "disponiveis": 0,
    "faltam": 4,
    "fonte": "baralho",
    "id": "vitendawili",
    "ok": false,
    "pool": 0,
    "tamanhoDaRodada": 0,
  },
  "pool9.wordsearch": {
    "disponiveis": 0,
    "faltam": 4,
    "fonte": "baralho",
    "id": "wordsearch",
    "ok": false,
    "pool": 0,
    "tamanhoDaRodada": 0,
  },
}
`;
